- Main diagnostics:
..\..\..\CharTests\TestFiles\MoreThanThreeNonDefaultColor.cs(6,2): warning NA1003: Tile index 1 contains 7 non default colors (should be 3 maximum in a color palette), excess colors will be ignored
- SyntaxTrees Count: 2
- Output diagnostics:
- RunResult.GeneratedTrees Count: 1
- RunResults diagnostics:
..\..\..\CharTests\TestFiles\MoreThanThreeNonDefaultColor.cs(6,2): warning NA1003: Tile index 1 contains 7 non default colors (should be 3 maximum in a color palette), excess colors will be ignored
- RunResult[0].Generator: Microsoft.CodeAnalysis.IncrementalGeneratorWrapper
- RunResult[0] diagnostics:
..\..\..\CharTests\TestFiles\MoreThanThreeNonDefaultColor.cs(6,2): warning NA1003: Tile index 1 contains 7 non default colors (should be 3 maximum in a color palette), excess colors will be ignored
- RunResult[0].GeneratedSources Count: 1
- RunResult[0].Exception: 
- RunResult[0].GeneratedSources[0].HintName: Asm.MoreThanThreeNonDefaultColor.cs
- RunResult[0].GeneratedSources[0].SourceText:
/* Generator Asm code in file Asm.MoreThanThreeNonDefaultColor.s
; Auto generated code using the NesAsm project
.scope MoreThanThreeNonDefaultColor

.segment "CHARS"

  ; Sprite Tile 0
  .byte 0, 0, 0, 0, 0, 0, 0, 0
  .byte 0, 0, 0, 0, 0, 0, 0, 0

  ; Sprite Tile 1
  .byte %00001000
  .byte %00001100
  .byte %00001100
  .byte %11000000
  .byte %11000000
  .byte %00000000
  .byte %00000000
  .byte %00000000

  .byte %00000000
  .byte %00000000
  .byte %00000010
  .byte %11001111
  .byte %11001111
  .byte %00000010
  .byte %00000000
  .byte %00000000


.segment "CODE"

sprite_palettes:
  ; Sprite Palette 0
  .byte 0F, 05, 22, 29

.endscope


*/
