- Main diagnostics:
..\..\..\CharTests\TestFiles\InvalidSize.cs(6,2): error NA1001: Png image size should be 143 by 287 but was 18 by 18
- SyntaxTrees Count: 3
- Output diagnostics:
- RunResult.GeneratedTrees Count: 2
- RunResults diagnostics:
..\..\..\CharTests\TestFiles\InvalidSize.cs(6,2): error NA1001: Png image size should be 143 by 287 but was 18 by 18
- RunResult[0].Generator: Microsoft.CodeAnalysis.IncrementalGeneratorWrapper
- RunResult[0] diagnostics:
..\..\..\CharTests\TestFiles\InvalidSize.cs(6,2): error NA1001: Png image size should be 143 by 287 but was 18 by 18
- RunResult[0].GeneratedSources Count: 2
- RunResult[0].Exception: 
- RunResult[0].GeneratedSources[0].HintName: Asm.InvalidSize.cs
- RunResult[0].GeneratedSources[0].SourceText:
/* Generator Asm code in file Asm.InvalidSize.s
; Auto generated code using the NesAsm project

*/
- RunResult[0].GeneratedSources[1].HintName: Sharp.InvalidSize.cs
- RunResult[0].GeneratedSources[1].SourceText:
// Auto generated code using the NesAsm project

