- Main diagnostics:
- SyntaxTrees Count: 4
- Output diagnostics:
- RunResult.GeneratedTrees Count: 2
- RunResults diagnostics:
- RunResult[0].Generator: Microsoft.CodeAnalysis.IncrementalGeneratorWrapper
- RunResult[0] diagnostics:
- RunResult[0].GeneratedSources Count: 2
- RunResult[0].Exception: 
- RunResult[0].GeneratedSources[0].HintName: Asm.CallingOtherScript.cs
- RunResult[0].GeneratedSources[0].SourceText:
/* Generator Asm code in file Asm.CallingOtherScript.s
; Auto generated code using the NesAsm project
.include "MultiProcScript.s"

.scope CallingOtherScript

  .proc main
    jsr MultiProcScript::procB

    jsr myProcC

    jmp MultiProcScript::procC

    rts
  .endproc

  .proc myProcC
    lda #30

    rts
  .endproc

.endscope


*/
- RunResult[0].GeneratedSources[1].HintName: Asm.MultiProcScript.cs
- RunResult[0].GeneratedSources[1].SourceText:
/* Generator Asm code in file Asm.MultiProcScript.s
; Auto generated code using the NesAsm project
.scope MultiProcScript

  .proc procA
    lda #10

    rts
  .endproc

  .proc procB
    lda #20

    rts
  .endproc

  .proc procC
    lda #30

    rts
  .endproc

.endscope


*/
