- Main diagnostics:
- SyntaxTrees Count: 2
- Output diagnostics:
- RunResult.GeneratedTrees Count: 1
- RunResults diagnostics:
- RunResult[0].Generator: Microsoft.CodeAnalysis.IncrementalGeneratorWrapper
- RunResult[0] diagnostics:
- RunResult[0].GeneratedSources Count: 1
- RunResult[0].Exception: 
- RunResult[0].GeneratedSources[0].HintName: Asm.BranchScript.cs
- RunResult[0].GeneratedSources[0].SourceText:
/* Generator Asm code in file Asm.BranchScript.s
; Auto generated code using the NesAsm project
.scope BranchScript

  .proc main
    ldx #0

  @loop:

    stx 1
    inx

    cpx #4

    bne @loop

    ; Memory location 0x01 should be equals to 3

    rts
  .endproc

.endscope


*/
