; Auto generated code using the NesAsm project
.byte 0
.byte 0
.byte 0
.byte 0
.byte 0
.byte 0
.byte 0
.byte 0


.byte 0
.byte 0
.byte 0
.byte 0
.byte 0
.byte 0
.byte 0
.byte 0


.byte 8
.byte 12
.byte 14
.byte 255
.byte 255
.byte 14
.byte 12
.byte 8


.byte 0
.byte 0
.byte 0
.byte 0
.byte 0
.byte 0
.byte 0
.byte 0


.byte 16
.byte 48
.byte 112
.byte 255
.byte 255
.byte 112
.byte 48
.byte 16


.byte 0
.byte 0
.byte 0
.byte 0
.byte 0
.byte 0
.byte 0
.byte 0


.byte 24
.byte 24
.byte 24
.byte 24
.byte 255
.byte 126
.byte 60
.byte 24


.byte 0
.byte 0
.byte 0
.byte 0
.byte 0
.byte 0
.byte 0
.byte 0


.byte 24
.byte 60
.byte 126
.byte 255
.byte 24
.byte 24
.byte 24
.byte 24


.byte 0
.byte 0
.byte 0
.byte 0
.byte 0
.byte 0
.byte 0
.byte 0


.byte 0
.byte 224
.byte 142
.byte 196
.byte 100
.byte 36
.byte 228
.byte 0


.byte 0
.byte 0
.byte 0
.byte 0
.byte 0
.byte 0
.byte 0
.byte 0


.byte 0
.byte 224
.byte 142
.byte 200
.byte 110
.byte 40
.byte 238
.byte 0


.byte 0
.byte 0
.byte 0
.byte 0
.byte 0
.byte 0
.byte 0
.byte 0


.byte 248
.byte 252
.byte 194
.byte 252
.byte 252
.byte 194
.byte 252
.byte 248


.byte 0
.byte 0
.byte 0
.byte 0
.byte 0
.byte 0
.byte 0
.byte 0


.byte 60
.byte 60
.byte 231
.byte 195
.byte 255
.byte 255
.byte 195
.byte 195


.byte 0
.byte 0
.byte 0
.byte 0
.byte 0
.byte 0
.byte 0
.byte 0


.byte 60
.byte 126
.byte 219
.byte 219
.byte 255
.byte 195
.byte 126
.byte 60


.byte 0
.byte 0
.byte 0
.byte 0
.byte 0
.byte 0
.byte 0
.byte 0


.byte 0
.byte 102
.byte 126
.byte 255
.byte 255
.byte 126
.byte 60
.byte 24


.byte 0
.byte 0
.byte 0
.byte 0
.byte 0
.byte 0
.byte 0
.byte 0


.byte 0
.byte 0
.byte 0
.byte 0
.byte 0
.byte 0
.byte 0
.byte 0


.byte 0
.byte 0
.byte 0
.byte 0
.byte 0
.byte 0
.byte 0
.byte 0


.byte 0
.byte 0
.byte 0
.byte 0
.byte 0
.byte 0
.byte 0
.byte 0


.byte 0
.byte 0
.byte 0
.byte 0
.byte 0
.byte 0
.byte 0
.byte 0


.byte 0
.byte 0
.byte 0
.byte 0
.byte 0
.byte 0
.byte 0
.byte 0


.byte 0
.byte 0
.byte 0
.byte 0
.byte 0
.byte 0
.byte 0
.byte 0


.byte 0
.byte 0
.byte 0
.byte 0
.byte 0
.byte 0
.byte 0
.byte 0


.byte 0
.byte 0
.byte 0
.byte 0
.byte 0
.byte 0
.byte 0
.byte 0


.byte 0
.byte 0
.byte 0
.byte 0
.byte 0
.byte 0
.byte 0
.byte 0


.byte 0
.byte 0
.byte 0
.byte 0
.byte 0
.byte 0
.byte 0
.byte 0


.byte 0
.byte 0
.byte 0
.byte 0
.byte 0
.byte 0
.byte 0
.byte 0


.byte 0
.byte 0
.byte 0
.byte 0
.byte 0
.byte 0
.byte 0
.byte 0


.byte 0
.byte 0
.byte 0
.byte 0
.byte 0
.byte 0
.byte 0
.byte 0


.byte 0
.byte 0
.byte 0
.byte 0
.byte 0
.byte 0
.byte 0
.byte 0


.byte 0
.byte 0
.byte 0
.byte 0
.byte 0
.byte 0
.byte 0
.byte 0


.byte 0
.byte 0
.byte 0
.byte 0
.byte 0
.byte 0
.byte 0
.byte 0


.byte 0
.byte 0
.byte 0
.byte 0
.byte 0
.byte 0
.byte 0
.byte 0


.byte 0
.byte 0
.byte 0
.byte 0
.byte 0
.byte 0
.byte 0
.byte 0


.byte 0
.byte 0
.byte 0
.byte 0
.byte 0
.byte 0
.byte 0
.byte 0


.byte 0
.byte 0
.byte 0
.byte 0
.byte 0
.byte 0
.byte 0
.byte 0


.byte 0
.byte 0
.byte 0
.byte 0
.byte 0
.byte 0
.byte 0
.byte 0


.byte 0
.byte 0
.byte 0
.byte 0
.byte 0
.byte 0
.byte 0
.byte 0


.byte 0
.byte 0
.byte 0
.byte 0
.byte 0
.byte 0
.byte 0
.byte 0


.byte 0
.byte 0
.byte 0
.byte 0
.byte 0
.byte 0
.byte 0
.byte 0


.byte 0
.byte 0
.byte 0
.byte 0
.byte 0
.byte 0
.byte 0
.byte 0


.byte 0
.byte 0
.byte 0
.byte 0
.byte 0
.byte 0
.byte 0
.byte 0


.byte 0
.byte 0
.byte 0
.byte 0
.byte 0
.byte 0
.byte 0
.byte 0


.byte 0
.byte 0
.byte 0
.byte 0
.byte 0
.byte 0
.byte 0
.byte 0


.byte 0
.byte 0
.byte 0
.byte 0
.byte 0
.byte 0
.byte 0
.byte 0


.byte 0
.byte 0
.byte 0
.byte 0
.byte 0
.byte 0
.byte 0
.byte 0


.byte 0
.byte 0
.byte 0
.byte 0
.byte 0
.byte 0
.byte 0
.byte 0


.byte 0
.byte 0
.byte 0
.byte 0
.byte 0
.byte 0
.byte 0
.byte 0


.byte 0
.byte 0
.byte 0
.byte 0
.byte 0
.byte 0
.byte 0
.byte 0


.byte 0
.byte 0
.byte 0
.byte 0
.byte 0
.byte 0
.byte 0
.byte 0


.byte 0
.byte 0
.byte 0
.byte 0
.byte 0
.byte 0
.byte 0
.byte 0


.byte 0
.byte 0
.byte 0
.byte 0
.byte 0
.byte 0
.byte 0
.byte 0


.byte 0
.byte 0
.byte 0
.byte 0
.byte 0
.byte 0
.byte 0
.byte 0


.byte 0
.byte 0
.byte 0
.byte 0
.byte 0
.byte 0
.byte 0
.byte 0


.byte 0
.byte 0
.byte 0
.byte 0
.byte 0
.byte 0
.byte 0
.byte 0


.byte 0
.byte 0
.byte 0
.byte 0
.byte 0
.byte 0
.byte 0
.byte 0


.byte 0
.byte 0
.byte 0
.byte 0
.byte 0
.byte 0
.byte 0
.byte 0


.byte 0
.byte 0
.byte 0
.byte 0
.byte 0
.byte 0
.byte 0
.byte 0


.byte 0
.byte 0
.byte 0
.byte 0
.byte 0
.byte 0
.byte 0
.byte 0


.byte 0
.byte 0
.byte 0
.byte 0
.byte 0
.byte 0
.byte 0
.byte 0


.byte 0
.byte 0
.byte 0
.byte 0
.byte 0
.byte 0
.byte 0
.byte 0


.byte 0
.byte 0
.byte 0
.byte 0
.byte 0
.byte 0
.byte 0
.byte 0


.byte 0
.byte 0
.byte 0
.byte 0
.byte 0
.byte 0
.byte 0
.byte 0


.byte 0
.byte 0
.byte 0
.byte 0
.byte 0
.byte 0
.byte 0
.byte 0


.byte 0
.byte 0
.byte 0
.byte 0
.byte 0
.byte 0
.byte 0
.byte 0


.byte 0
.byte 0
.byte 0
.byte 0
.byte 0
.byte 0
.byte 0
.byte 0


.byte 0
.byte 0
.byte 0
.byte 0
.byte 0
.byte 0
.byte 0
.byte 0


.byte 0
.byte 0
.byte 0
.byte 0
.byte 0
.byte 0
.byte 0
.byte 0


.byte 0
.byte 0
.byte 0
.byte 0
.byte 0
.byte 0
.byte 0
.byte 0


.byte 0
.byte 0
.byte 0
.byte 0
.byte 0
.byte 0
.byte 0
.byte 0


.byte 0
.byte 0
.byte 0
.byte 0
.byte 0
.byte 0
.byte 0
.byte 0


.byte 0
.byte 0
.byte 0
.byte 0
.byte 0
.byte 0
.byte 0
.byte 0


.byte 0
.byte 0
.byte 0
.byte 0
.byte 0
.byte 0
.byte 0
.byte 0


.byte 0
.byte 0
.byte 0
.byte 0
.byte 0
.byte 0
.byte 0
.byte 0


.byte 0
.byte 0
.byte 0
.byte 0
.byte 0
.byte 0
.byte 0
.byte 0


.byte 0
.byte 0
.byte 0
.byte 0
.byte 0
.byte 0
.byte 0
.byte 0


.byte 0
.byte 0
.byte 0
.byte 0
.byte 0
.byte 0
.byte 0
.byte 0


.byte 0
.byte 0
.byte 0
.byte 0
.byte 0
.byte 0
.byte 0
.byte 0


.byte 0
.byte 0
.byte 0
.byte 0
.byte 0
.byte 0
.byte 0
.byte 0


.byte 0
.byte 0
.byte 0
.byte 0
.byte 0
.byte 0
.byte 0
.byte 0


.byte 0
.byte 0
.byte 0
.byte 0
.byte 0
.byte 0
.byte 0
.byte 0


.byte 0
.byte 0
.byte 0
.byte 0
.byte 0
.byte 0
.byte 0
.byte 0


.byte 0
.byte 0
.byte 0
.byte 0
.byte 0
.byte 0
.byte 0
.byte 0


.byte 0
.byte 0
.byte 0
.byte 0
.byte 0
.byte 0
.byte 0
.byte 0


.byte 0
.byte 0
.byte 0
.byte 0
.byte 0
.byte 0
.byte 0
.byte 0


.byte 0
.byte 0
.byte 0
.byte 0
.byte 0
.byte 0
.byte 0
.byte 0


.byte 0
.byte 0
.byte 0
.byte 0
.byte 0
.byte 0
.byte 0
.byte 0


.byte 0
.byte 0
.byte 0
.byte 0
.byte 0
.byte 0
.byte 0
.byte 0


.byte 0
.byte 0
.byte 0
.byte 0
.byte 0
.byte 0
.byte 0
.byte 0


.byte 0
.byte 0
.byte 0
.byte 0
.byte 0
.byte 0
.byte 0
.byte 0


.byte 0
.byte 0
.byte 0
.byte 0
.byte 0
.byte 0
.byte 0
.byte 0


.byte 0
.byte 0
.byte 0
.byte 0
.byte 0
.byte 0
.byte 0
.byte 0


.byte 0
.byte 0
.byte 0
.byte 0
.byte 0
.byte 0
.byte 0
.byte 0


.byte 0
.byte 0
.byte 0
.byte 0
.byte 0
.byte 0
.byte 0
.byte 0


.byte 0
.byte 0
.byte 0
.byte 0
.byte 0
.byte 0
.byte 0
.byte 0


.byte 0
.byte 0
.byte 0
.byte 0
.byte 0
.byte 0
.byte 0
.byte 0


.byte 0
.byte 0
.byte 0
.byte 0
.byte 0
.byte 0
.byte 0
.byte 0


.byte 0
.byte 0
.byte 0
.byte 0
.byte 0
.byte 0
.byte 0
.byte 0


.byte 0
.byte 0
.byte 0
.byte 0
.byte 0
.byte 0
.byte 0
.byte 0


.byte 0
.byte 0
.byte 0
.byte 0
.byte 0
.byte 0
.byte 0
.byte 0


.byte 0
.byte 0
.byte 0
.byte 0
.byte 0
.byte 0
.byte 0
.byte 0


.byte 0
.byte 0
.byte 0
.byte 0
.byte 0
.byte 0
.byte 0
.byte 0


.byte 0
.byte 0
.byte 0
.byte 0
.byte 0
.byte 0
.byte 0
.byte 0


.byte 0
.byte 0
.byte 0
.byte 0
.byte 0
.byte 0
.byte 0
.byte 0


.byte 0
.byte 0
.byte 0
.byte 0
.byte 0
.byte 0
.byte 0
.byte 0


.byte 0
.byte 0
.byte 0
.byte 0
.byte 0
.byte 0
.byte 0
.byte 0


.byte 0
.byte 0
.byte 0
.byte 0
.byte 0
.byte 0
.byte 0
.byte 0


.byte 0
.byte 0
.byte 0
.byte 0
.byte 0
.byte 0
.byte 0
.byte 0


.byte 0
.byte 0
.byte 0
.byte 0
.byte 0
.byte 0
.byte 0
.byte 0


.byte 0
.byte 0
.byte 0
.byte 0
.byte 0
.byte 0
.byte 0
.byte 0


.byte 0
.byte 0
.byte 0
.byte 0
.byte 0
.byte 0
.byte 0
.byte 0


.byte 0
.byte 0
.byte 0
.byte 0
.byte 0
.byte 0
.byte 0
.byte 0


.byte 0
.byte 0
.byte 0
.byte 0
.byte 0
.byte 0
.byte 0
.byte 0


.byte 0
.byte 0
.byte 0
.byte 0
.byte 0
.byte 0
.byte 0
.byte 0


.byte 0
.byte 0
.byte 0
.byte 0
.byte 0
.byte 0
.byte 0
.byte 0


.byte 0
.byte 0
.byte 0
.byte 0
.byte 0
.byte 0
.byte 0
.byte 0


.byte 0
.byte 0
.byte 0
.byte 0
.byte 0
.byte 0
.byte 0
.byte 0


.byte 0
.byte 0
.byte 0
.byte 0
.byte 0
.byte 0
.byte 0
.byte 0


.byte 0
.byte 0
.byte 0
.byte 0
.byte 0
.byte 0
.byte 0
.byte 0


.byte 0
.byte 0
.byte 0
.byte 0
.byte 0
.byte 0
.byte 0
.byte 0


.byte 0
.byte 0
.byte 0
.byte 0
.byte 0
.byte 0
.byte 0
.byte 0


.byte 0
.byte 0
.byte 0
.byte 0
.byte 0
.byte 0
.byte 0
.byte 0


.byte 0
.byte 0
.byte 0
.byte 0
.byte 0
.byte 0
.byte 0
.byte 0


.byte 0
.byte 0
.byte 0
.byte 0
.byte 0
.byte 0
.byte 0
.byte 0


.byte 0
.byte 0
.byte 0
.byte 0
.byte 0
.byte 0
.byte 0
.byte 0


.byte 0
.byte 0
.byte 0
.byte 0
.byte 0
.byte 0
.byte 0
.byte 0


.byte 0
.byte 0
.byte 0
.byte 0
.byte 0
.byte 0
.byte 0
.byte 0


.byte 0
.byte 0
.byte 0
.byte 0
.byte 0
.byte 0
.byte 0
.byte 0


.byte 0
.byte 0
.byte 0
.byte 0
.byte 0
.byte 0
.byte 0
.byte 0


.byte 0
.byte 0
.byte 0
.byte 0
.byte 0
.byte 0
.byte 0
.byte 0


.byte 0
.byte 0
.byte 0
.byte 0
.byte 0
.byte 0
.byte 0
.byte 0


.byte 0
.byte 0
.byte 0
.byte 0
.byte 0
.byte 0
.byte 0
.byte 0


.byte 0
.byte 0
.byte 0
.byte 0
.byte 0
.byte 0
.byte 0
.byte 0


.byte 0
.byte 0
.byte 0
.byte 0
.byte 0
.byte 0
.byte 0
.byte 0


.byte 0
.byte 0
.byte 0
.byte 0
.byte 0
.byte 0
.byte 0
.byte 0


.byte 0
.byte 0
.byte 0
.byte 0
.byte 0
.byte 0
.byte 0
.byte 0


.byte 0
.byte 0
.byte 0
.byte 0
.byte 0
.byte 0
.byte 0
.byte 0


.byte 0
.byte 0
.byte 0
.byte 0
.byte 0
.byte 0
.byte 0
.byte 0


.byte 0
.byte 0
.byte 0
.byte 0
.byte 0
.byte 0
.byte 0
.byte 0


.byte 0
.byte 0
.byte 0
.byte 0
.byte 0
.byte 0
.byte 0
.byte 0


.byte 0
.byte 0
.byte 0
.byte 0
.byte 0
.byte 0
.byte 0
.byte 0


.byte 0
.byte 0
.byte 0
.byte 0
.byte 0
.byte 0
.byte 0
.byte 0


.byte 0
.byte 0
.byte 0
.byte 0
.byte 0
.byte 0
.byte 0
.byte 0


.byte 0
.byte 0
.byte 0
.byte 0
.byte 0
.byte 0
.byte 0
.byte 0


.byte 0
.byte 0
.byte 0
.byte 0
.byte 0
.byte 0
.byte 0
.byte 0


.byte 0
.byte 0
.byte 0
.byte 0
.byte 0
.byte 0
.byte 0
.byte 0


.byte 0
.byte 0
.byte 0
.byte 0
.byte 0
.byte 0
.byte 0
.byte 0


.byte 0
.byte 0
.byte 0
.byte 0
.byte 0
.byte 0
.byte 0
.byte 0


.byte 0
.byte 0
.byte 0
.byte 0
.byte 0
.byte 0
.byte 0
.byte 0


.byte 0
.byte 0
.byte 0
.byte 0
.byte 0
.byte 0
.byte 0
.byte 0


.byte 0
.byte 0
.byte 0
.byte 0
.byte 0
.byte 0
.byte 0
.byte 0


.byte 0
.byte 0
.byte 0
.byte 0
.byte 0
.byte 0
.byte 0
.byte 0


.byte 0
.byte 0
.byte 0
.byte 0
.byte 0
.byte 0
.byte 0
.byte 0


.byte 0
.byte 0
.byte 0
.byte 0
.byte 0
.byte 0
.byte 0
.byte 0


.byte 0
.byte 0
.byte 0
.byte 0
.byte 0
.byte 0
.byte 0
.byte 0


.byte 0
.byte 0
.byte 0
.byte 0
.byte 0
.byte 0
.byte 0
.byte 0


.byte 0
.byte 0
.byte 0
.byte 0
.byte 0
.byte 0
.byte 0
.byte 0


.byte 0
.byte 0
.byte 0
.byte 0
.byte 0
.byte 0
.byte 0
.byte 0


.byte 0
.byte 0
.byte 0
.byte 0
.byte 0
.byte 0
.byte 0
.byte 0


.byte 0
.byte 0
.byte 0
.byte 0
.byte 0
.byte 0
.byte 0
.byte 0


.byte 0
.byte 0
.byte 0
.byte 0
.byte 0
.byte 0
.byte 0
.byte 0


.byte 0
.byte 0
.byte 0
.byte 0
.byte 0
.byte 0
.byte 0
.byte 0


.byte 0
.byte 0
.byte 0
.byte 0
.byte 0
.byte 0
.byte 0
.byte 0


.byte 0
.byte 0
.byte 0
.byte 0
.byte 0
.byte 0
.byte 0
.byte 0


.byte 0
.byte 0
.byte 0
.byte 0
.byte 0
.byte 0
.byte 0
.byte 0


.byte 0
.byte 0
.byte 0
.byte 0
.byte 0
.byte 0
.byte 0
.byte 0


.byte 0
.byte 0
.byte 0
.byte 0
.byte 0
.byte 0
.byte 0
.byte 0


.byte 0
.byte 0
.byte 0
.byte 0
.byte 0
.byte 0
.byte 0
.byte 0


.byte 0
.byte 0
.byte 0
.byte 0
.byte 0
.byte 0
.byte 0
.byte 0


.byte 0
.byte 0
.byte 0
.byte 0
.byte 0
.byte 0
.byte 0
.byte 0


.byte 0
.byte 0
.byte 0
.byte 0
.byte 0
.byte 0
.byte 0
.byte 0


.byte 0
.byte 0
.byte 0
.byte 0
.byte 0
.byte 0
.byte 0
.byte 0


.byte 0
.byte 0
.byte 0
.byte 0
.byte 0
.byte 0
.byte 0
.byte 0


.byte 0
.byte 0
.byte 0
.byte 0
.byte 0
.byte 0
.byte 0
.byte 0


.byte 0
.byte 0
.byte 0
.byte 0
.byte 0
.byte 0
.byte 0
.byte 0


.byte 0
.byte 0
.byte 0
.byte 0
.byte 0
.byte 0
.byte 0
.byte 0


.byte 0
.byte 0
.byte 0
.byte 0
.byte 0
.byte 0
.byte 0
.byte 0


.byte 0
.byte 0
.byte 0
.byte 0
.byte 0
.byte 0
.byte 0
.byte 0


.byte 0
.byte 0
.byte 0
.byte 0
.byte 0
.byte 0
.byte 0
.byte 0


.byte 0
.byte 0
.byte 0
.byte 0
.byte 0
.byte 0
.byte 0
.byte 0


.byte 0
.byte 0
.byte 0
.byte 0
.byte 0
.byte 0
.byte 0
.byte 0


.byte 0
.byte 0
.byte 0
.byte 0
.byte 0
.byte 0
.byte 0
.byte 0


.byte 0
.byte 0
.byte 0
.byte 0
.byte 0
.byte 0
.byte 0
.byte 0


.byte 0
.byte 0
.byte 0
.byte 0
.byte 0
.byte 0
.byte 0
.byte 0


.byte 0
.byte 0
.byte 0
.byte 0
.byte 0
.byte 0
.byte 0
.byte 0


.byte 0
.byte 0
.byte 0
.byte 0
.byte 0
.byte 0
.byte 0
.byte 0


.byte 0
.byte 0
.byte 0
.byte 0
.byte 0
.byte 0
.byte 0
.byte 0


.byte 0
.byte 0
.byte 0
.byte 0
.byte 0
.byte 0
.byte 0
.byte 0


.byte 0
.byte 0
.byte 0
.byte 0
.byte 0
.byte 0
.byte 0
.byte 0


.byte 0
.byte 0
.byte 0
.byte 0
.byte 0
.byte 0
.byte 0
.byte 0


.byte 0
.byte 0
.byte 0
.byte 0
.byte 0
.byte 0
.byte 0
.byte 0


.byte 0
.byte 0
.byte 0
.byte 0
.byte 0
.byte 0
.byte 0
.byte 0


.byte 0
.byte 0
.byte 0
.byte 0
.byte 0
.byte 0
.byte 0
.byte 0


.byte 0
.byte 0
.byte 0
.byte 0
.byte 0
.byte 0
.byte 0
.byte 0


.byte 0
.byte 0
.byte 0
.byte 0
.byte 0
.byte 0
.byte 0
.byte 0


.byte 0
.byte 0
.byte 0
.byte 0
.byte 0
.byte 0
.byte 0
.byte 0


.byte 0
.byte 0
.byte 0
.byte 0
.byte 0
.byte 0
.byte 0
.byte 0


.byte 0
.byte 0
.byte 0
.byte 0
.byte 0
.byte 0
.byte 0
.byte 0


.byte 0
.byte 0
.byte 0
.byte 0
.byte 0
.byte 0
.byte 0
.byte 0


.byte 0
.byte 0
.byte 0
.byte 0
.byte 0
.byte 0
.byte 0
.byte 0


.byte 0
.byte 0
.byte 0
.byte 0
.byte 0
.byte 0
.byte 0
.byte 0


.byte 0
.byte 0
.byte 0
.byte 0
.byte 0
.byte 0
.byte 0
.byte 0


.byte 0
.byte 0
.byte 0
.byte 0
.byte 0
.byte 0
.byte 0
.byte 0


.byte 0
.byte 0
.byte 0
.byte 0
.byte 0
.byte 0
.byte 0
.byte 0


.byte 0
.byte 0
.byte 0
.byte 0
.byte 0
.byte 0
.byte 0
.byte 0


.byte 0
.byte 0
.byte 0
.byte 0
.byte 0
.byte 0
.byte 0
.byte 0


.byte 0
.byte 0
.byte 0
.byte 0
.byte 0
.byte 0
.byte 0
.byte 0


.byte 0
.byte 0
.byte 0
.byte 0
.byte 0
.byte 0
.byte 0
.byte 0


.byte 0
.byte 0
.byte 0
.byte 0
.byte 0
.byte 0
.byte 0
.byte 0


.byte 0
.byte 0
.byte 0
.byte 0
.byte 0
.byte 0
.byte 0
.byte 0


.byte 0
.byte 0
.byte 0
.byte 0
.byte 0
.byte 0
.byte 0
.byte 0


.byte 0
.byte 0
.byte 0
.byte 0
.byte 0
.byte 0
.byte 0
.byte 0


.byte 0
.byte 0
.byte 0
.byte 0
.byte 0
.byte 0
.byte 0
.byte 0


.byte 0
.byte 0
.byte 0
.byte 0
.byte 0
.byte 0
.byte 0
.byte 0


.byte 0
.byte 0
.byte 0
.byte 0
.byte 0
.byte 0
.byte 0
.byte 0


.byte 0
.byte 0
.byte 0
.byte 0
.byte 0
.byte 0
.byte 0
.byte 0


.byte 0
.byte 0
.byte 0
.byte 0
.byte 0
.byte 0
.byte 0
.byte 0


.byte 0
.byte 0
.byte 0
.byte 0
.byte 0
.byte 0
.byte 0
.byte 0


.byte 0
.byte 0
.byte 0
.byte 0
.byte 0
.byte 0
.byte 0
.byte 0


.byte 0
.byte 0
.byte 0
.byte 0
.byte 0
.byte 0
.byte 0
.byte 0


.byte 0
.byte 0
.byte 0
.byte 0
.byte 0
.byte 0
.byte 0
.byte 0


.byte 0
.byte 0
.byte 0
.byte 0
.byte 0
.byte 0
.byte 0
.byte 0


.byte 0
.byte 0
.byte 0
.byte 0
.byte 0
.byte 0
.byte 0
.byte 0


.byte 0
.byte 0
.byte 0
.byte 0
.byte 0
.byte 0
.byte 0
.byte 0


.byte 0
.byte 0
.byte 0
.byte 0
.byte 0
.byte 0
.byte 0
.byte 0


.byte 0
.byte 0
.byte 0
.byte 0
.byte 0
.byte 0
.byte 0
.byte 0


.byte 0
.byte 0
.byte 0
.byte 0
.byte 0
.byte 0
.byte 0
.byte 0


.byte 0
.byte 0
.byte 0
.byte 0
.byte 0
.byte 0
.byte 0
.byte 0


.byte 0
.byte 0
.byte 0
.byte 0
.byte 0
.byte 0
.byte 0
.byte 0


.byte 0
.byte 0
.byte 0
.byte 0
.byte 0
.byte 0
.byte 0
.byte 0


.byte 0
.byte 0
.byte 0
.byte 0
.byte 0
.byte 0
.byte 0
.byte 0


.byte 0
.byte 0
.byte 0
.byte 0
.byte 0
.byte 0
.byte 0
.byte 0


.byte 0
.byte 0
.byte 0
.byte 0
.byte 0
.byte 0
.byte 0
.byte 0


.byte 0
.byte 0
.byte 0
.byte 0
.byte 0
.byte 0
.byte 0
.byte 0


.byte 0
.byte 0
.byte 0
.byte 0
.byte 0
.byte 0
.byte 0
.byte 0


.byte 0
.byte 0
.byte 0
.byte 0
.byte 0
.byte 0
.byte 0
.byte 0


.byte 0
.byte 0
.byte 0
.byte 0
.byte 0
.byte 0
.byte 0
.byte 0


.byte 0
.byte 0
.byte 0
.byte 0
.byte 0
.byte 0
.byte 0
.byte 0


.byte 0
.byte 0
.byte 0
.byte 0
.byte 0
.byte 0
.byte 0
.byte 0


.byte 0
.byte 0
.byte 0
.byte 0
.byte 0
.byte 0
.byte 0
.byte 0


.byte 0
.byte 0
.byte 0
.byte 0
.byte 0
.byte 0
.byte 0
.byte 0


.byte 0
.byte 0
.byte 0
.byte 0
.byte 0
.byte 0
.byte 0
.byte 0


.byte 0
.byte 0
.byte 0
.byte 0
.byte 0
.byte 0
.byte 0
.byte 0


.byte 0
.byte 0
.byte 0
.byte 0
.byte 0
.byte 0
.byte 0
.byte 0


.byte 0
.byte 0
.byte 0
.byte 0
.byte 0
.byte 0
.byte 0
.byte 0


.byte 0
.byte 0
.byte 0
.byte 0
.byte 0
.byte 0
.byte 0
.byte 0


.byte 0
.byte 0
.byte 0
.byte 0
.byte 0
.byte 0
.byte 0
.byte 0


.byte 0
.byte 0
.byte 0
.byte 0
.byte 0
.byte 0
.byte 0
.byte 0


.byte 0
.byte 0
.byte 0
.byte 0
.byte 0
.byte 0
.byte 0
.byte 0


.byte 0
.byte 0
.byte 0
.byte 0
.byte 0
.byte 0
.byte 0
.byte 0


.byte 0
.byte 0
.byte 0
.byte 0
.byte 0
.byte 0
.byte 0
.byte 0


.byte 0
.byte 0
.byte 0
.byte 0
.byte 0
.byte 0
.byte 0
.byte 0


.byte 0
.byte 0
.byte 0
.byte 0
.byte 0
.byte 0
.byte 0
.byte 0


.byte 0
.byte 0
.byte 0
.byte 0
.byte 0
.byte 0
.byte 0
.byte 0


.byte 0
.byte 0
.byte 0
.byte 0
.byte 0
.byte 0
.byte 0
.byte 0


.byte 0
.byte 0
.byte 0
.byte 0
.byte 0
.byte 0
.byte 0
.byte 0


.byte 0
.byte 0
.byte 0
.byte 0
.byte 0
.byte 0
.byte 0
.byte 0


.byte 0
.byte 0
.byte 0
.byte 0
.byte 0
.byte 0
.byte 0
.byte 0


.byte 0
.byte 0
.byte 0
.byte 0
.byte 0
.byte 0
.byte 0
.byte 0


.byte 0
.byte 0
.byte 0
.byte 0
.byte 0
.byte 0
.byte 0
.byte 0


.byte 0
.byte 0
.byte 0
.byte 0
.byte 0
.byte 0
.byte 0
.byte 0


.byte 0
.byte 0
.byte 0
.byte 0
.byte 0
.byte 0
.byte 0
.byte 0


.byte 0
.byte 0
.byte 0
.byte 0
.byte 0
.byte 0
.byte 0
.byte 0


.byte 0
.byte 0
.byte 0
.byte 0
.byte 0
.byte 0
.byte 0
.byte 0


.byte 0
.byte 0
.byte 0
.byte 0
.byte 0
.byte 0
.byte 0
.byte 0


.byte 0
.byte 0
.byte 0
.byte 0
.byte 0
.byte 0
.byte 0
.byte 0


.byte 0
.byte 0
.byte 0
.byte 0
.byte 0
.byte 0
.byte 0
.byte 0


.byte 0
.byte 0
.byte 0
.byte 0
.byte 0
.byte 0
.byte 0
.byte 0


.byte 0
.byte 0
.byte 0
.byte 0
.byte 0
.byte 0
.byte 0
.byte 0


.byte 0
.byte 0
.byte 0
.byte 0
.byte 0
.byte 0
.byte 0
.byte 0


.byte 0
.byte 0
.byte 0
.byte 0
.byte 0
.byte 0
.byte 0
.byte 0


.byte 0
.byte 0
.byte 0
.byte 0
.byte 0
.byte 0
.byte 0
.byte 0


.byte 0
.byte 0
.byte 0
.byte 0
.byte 0
.byte 0
.byte 0
.byte 0


.byte 0
.byte 0
.byte 0
.byte 0
.byte 0
.byte 0
.byte 0
.byte 0


.byte 0
.byte 0
.byte 0
.byte 0
.byte 0
.byte 0
.byte 0
.byte 0


.byte 0
.byte 0
.byte 0
.byte 0
.byte 0
.byte 0
.byte 0
.byte 0


.byte 0
.byte 0
.byte 0
.byte 0
.byte 0
.byte 0
.byte 0
.byte 0


.byte 0
.byte 0
.byte 0
.byte 0
.byte 0
.byte 0
.byte 0
.byte 0


.byte 0
.byte 0
.byte 0
.byte 0
.byte 0
.byte 0
.byte 0
.byte 0


.byte 0
.byte 0
.byte 0
.byte 0
.byte 0
.byte 0
.byte 0
.byte 0


.byte 0
.byte 0
.byte 0
.byte 0
.byte 0
.byte 0
.byte 0
.byte 0


.byte 0
.byte 0
.byte 0
.byte 0
.byte 0
.byte 0
.byte 0
.byte 0


.byte 0
.byte 0
.byte 0
.byte 0
.byte 0
.byte 0
.byte 0
.byte 0


.byte 0
.byte 0
.byte 0
.byte 0
.byte 0
.byte 0
.byte 0
.byte 0


.byte 0
.byte 0
.byte 0
.byte 0
.byte 0
.byte 0
.byte 0
.byte 0


.byte 0
.byte 0
.byte 0
.byte 0
.byte 0
.byte 0
.byte 0
.byte 0


.byte 0
.byte 0
.byte 0
.byte 0
.byte 0
.byte 0
.byte 0
.byte 0


.byte 0
.byte 0
.byte 0
.byte 0
.byte 0
.byte 0
.byte 0
.byte 0


.byte 0
.byte 0
.byte 0
.byte 0
.byte 0
.byte 0
.byte 0
.byte 0


.byte 0
.byte 0
.byte 0
.byte 0
.byte 0
.byte 0
.byte 0
.byte 0


.byte 0
.byte 0
.byte 0
.byte 0
.byte 0
.byte 0
.byte 0
.byte 0


.byte 0
.byte 0
.byte 0
.byte 0
.byte 0
.byte 0
.byte 0
.byte 0


.byte 0
.byte 0
.byte 0
.byte 0
.byte 0
.byte 0
.byte 0
.byte 0


.byte 0
.byte 0
.byte 0
.byte 0
.byte 0
.byte 0
.byte 0
.byte 0


.byte 0
.byte 0
.byte 0
.byte 0
.byte 0
.byte 0
.byte 0
.byte 0


.byte 0
.byte 0
.byte 0
.byte 0
.byte 0
.byte 0
.byte 0
.byte 0


.byte 0
.byte 0
.byte 0
.byte 0
.byte 0
.byte 0
.byte 0
.byte 0


.byte 0
.byte 0
.byte 0
.byte 0
.byte 0
.byte 0
.byte 0
.byte 0


.byte 0
.byte 0
.byte 0
.byte 0
.byte 0
.byte 0
.byte 0
.byte 0


.byte 0
.byte 0
.byte 0
.byte 0
.byte 0
.byte 0
.byte 0
.byte 0


.byte 0
.byte 0
.byte 0
.byte 0
.byte 0
.byte 0
.byte 0
.byte 0


.byte 0
.byte 0
.byte 0
.byte 0
.byte 0
.byte 0
.byte 0
.byte 0


.byte 0
.byte 0
.byte 0
.byte 0
.byte 0
.byte 0
.byte 0
.byte 0


.byte 0
.byte 0
.byte 0
.byte 0
.byte 0
.byte 0
.byte 0
.byte 0


.byte 0
.byte 0
.byte 0
.byte 0
.byte 0
.byte 0
.byte 0
.byte 0


.byte 0
.byte 0
.byte 0
.byte 0
.byte 0
.byte 0
.byte 0
.byte 0


.byte 0
.byte 0
.byte 0
.byte 0
.byte 0
.byte 0
.byte 0
.byte 0


.byte 0
.byte 0
.byte 0
.byte 0
.byte 0
.byte 0
.byte 0
.byte 0


.byte 0
.byte 0
.byte 0
.byte 0
.byte 0
.byte 0
.byte 0
.byte 0


.byte 0
.byte 0
.byte 0
.byte 0
.byte 0
.byte 0
.byte 0
.byte 0


.byte 0
.byte 0
.byte 0
.byte 0
.byte 0
.byte 0
.byte 0
.byte 0


.byte 0
.byte 0
.byte 0
.byte 0
.byte 0
.byte 0
.byte 0
.byte 0


.byte 0
.byte 0
.byte 0
.byte 0
.byte 0
.byte 0
.byte 0
.byte 0


.byte 0
.byte 0
.byte 0
.byte 0
.byte 0
.byte 0
.byte 0
.byte 0


.byte 0
.byte 0
.byte 0
.byte 0
.byte 0
.byte 0
.byte 0
.byte 0


.byte 0
.byte 0
.byte 0
.byte 0
.byte 0
.byte 0
.byte 0
.byte 0


.byte 0
.byte 0
.byte 0
.byte 0
.byte 0
.byte 0
.byte 0
.byte 0


.byte 0
.byte 0
.byte 0
.byte 0
.byte 0
.byte 0
.byte 0
.byte 0


.byte 0
.byte 0
.byte 0
.byte 0
.byte 0
.byte 0
.byte 0
.byte 0


.byte 0
.byte 0
.byte 0
.byte 0
.byte 0
.byte 0
.byte 0
.byte 0


.byte 0
.byte 0
.byte 0
.byte 0
.byte 0
.byte 0
.byte 0
.byte 0


.byte 0
.byte 0
.byte 0
.byte 0
.byte 0
.byte 0
.byte 0
.byte 0


.byte 0
.byte 0
.byte 0
.byte 0
.byte 0
.byte 0
.byte 0
.byte 0


.byte 0
.byte 0
.byte 0
.byte 0
.byte 0
.byte 0
.byte 0
.byte 0


.byte 0
.byte 0
.byte 0
.byte 0
.byte 0
.byte 0
.byte 0
.byte 0


.byte 0
.byte 0
.byte 0
.byte 0
.byte 0
.byte 0
.byte 0
.byte 0


.byte 0
.byte 0
.byte 0
.byte 0
.byte 0
.byte 0
.byte 0
.byte 0


.byte 0
.byte 0
.byte 0
.byte 0
.byte 0
.byte 0
.byte 0
.byte 0


.byte 0
.byte 0
.byte 0
.byte 0
.byte 0
.byte 0
.byte 0
.byte 0


.byte 0
.byte 0
.byte 0
.byte 0
.byte 0
.byte 0
.byte 0
.byte 0


.byte 0
.byte 0
.byte 0
.byte 0
.byte 0
.byte 0
.byte 0
.byte 0


.byte 0
.byte 0
.byte 0
.byte 0
.byte 0
.byte 0
.byte 0
.byte 0


.byte 0
.byte 0
.byte 0
.byte 0
.byte 0
.byte 0
.byte 0
.byte 0


.byte 0
.byte 0
.byte 0
.byte 0
.byte 0
.byte 0
.byte 0
.byte 0


.byte 0
.byte 0
.byte 0
.byte 0
.byte 0
.byte 0
.byte 0
.byte 0


.byte 0
.byte 0
.byte 0
.byte 0
.byte 0
.byte 0
.byte 0
.byte 0


.byte 0
.byte 0
.byte 0
.byte 0
.byte 0
.byte 0
.byte 0
.byte 0


.byte 0
.byte 0
.byte 0
.byte 0
.byte 0
.byte 0
.byte 0
.byte 0


.byte 0
.byte 0
.byte 0
.byte 0
.byte 0
.byte 0
.byte 0
.byte 0


.byte 0
.byte 0
.byte 0
.byte 0
.byte 0
.byte 0
.byte 0
.byte 0


.byte 0
.byte 0
.byte 0
.byte 0
.byte 0
.byte 0
.byte 0
.byte 0


.byte 0
.byte 0
.byte 0
.byte 0
.byte 0
.byte 0
.byte 0
.byte 0


.byte 0
.byte 0
.byte 0
.byte 0
.byte 0
.byte 0
.byte 0
.byte 0


.byte 0
.byte 0
.byte 0
.byte 0
.byte 0
.byte 0
.byte 0
.byte 0


.byte 0
.byte 0
.byte 0
.byte 0
.byte 0
.byte 0
.byte 0
.byte 0


.byte 0
.byte 0
.byte 0
.byte 0
.byte 0
.byte 0
.byte 0
.byte 0


.byte 0
.byte 0
.byte 0
.byte 0
.byte 0
.byte 0
.byte 0
.byte 0


.byte 0
.byte 0
.byte 0
.byte 0
.byte 0
.byte 0
.byte 0
.byte 0


.byte 0
.byte 0
.byte 0
.byte 0
.byte 0
.byte 0
.byte 0
.byte 0


.byte 0
.byte 0
.byte 0
.byte 0
.byte 0
.byte 0
.byte 0
.byte 0


.byte 0
.byte 0
.byte 0
.byte 0
.byte 0
.byte 0
.byte 0
.byte 0


.byte 0
.byte 0
.byte 0
.byte 0
.byte 0
.byte 0
.byte 0
.byte 0


.byte 0
.byte 0
.byte 0
.byte 0
.byte 0
.byte 0
.byte 0
.byte 0


.byte 0
.byte 0
.byte 0
.byte 0
.byte 0
.byte 0
.byte 0
.byte 0


.byte 0
.byte 0
.byte 0
.byte 0
.byte 0
.byte 0
.byte 0
.byte 0


.byte 0
.byte 0
.byte 0
.byte 0
.byte 0
.byte 0
.byte 0
.byte 0


.byte 0
.byte 0
.byte 0
.byte 0
.byte 0
.byte 0
.byte 0
.byte 0


.byte 0
.byte 0
.byte 0
.byte 0
.byte 0
.byte 0
.byte 0
.byte 0


.byte 0
.byte 0
.byte 0
.byte 0
.byte 0
.byte 0
.byte 0
.byte 0


.byte 0
.byte 0
.byte 0
.byte 0
.byte 0
.byte 0
.byte 0
.byte 0


.byte 0
.byte 0
.byte 0
.byte 0
.byte 0
.byte 0
.byte 0
.byte 0


.byte 0
.byte 0
.byte 0
.byte 0
.byte 0
.byte 0
.byte 0
.byte 0


.byte 0
.byte 0
.byte 0
.byte 0
.byte 0
.byte 0
.byte 0
.byte 0


.byte 0
.byte 0
.byte 0
.byte 0
.byte 0
.byte 0
.byte 0
.byte 0


.byte 0
.byte 0
.byte 0
.byte 0
.byte 0
.byte 0
.byte 0
.byte 0


.byte 0
.byte 0
.byte 0
.byte 0
.byte 0
.byte 0
.byte 0
.byte 0


.byte 0
.byte 0
.byte 0
.byte 0
.byte 0
.byte 0
.byte 0
.byte 0


.byte 0
.byte 0
.byte 0
.byte 0
.byte 0
.byte 0
.byte 0
.byte 0


.byte 0
.byte 0
.byte 0
.byte 0
.byte 0
.byte 0
.byte 0
.byte 0


.byte 0
.byte 0
.byte 0
.byte 0
.byte 0
.byte 0
.byte 0
.byte 0


.byte 0
.byte 0
.byte 0
.byte 0
.byte 0
.byte 0
.byte 0
.byte 0


.byte 0
.byte 0
.byte 0
.byte 0
.byte 0
.byte 0
.byte 0
.byte 0


.byte 0
.byte 0
.byte 0
.byte 0
.byte 0
.byte 0
.byte 0
.byte 0


.byte 0
.byte 0
.byte 0
.byte 0
.byte 0
.byte 0
.byte 0
.byte 0


.byte 0
.byte 0
.byte 0
.byte 0
.byte 0
.byte 0
.byte 0
.byte 0


.byte 0
.byte 0
.byte 0
.byte 0
.byte 0
.byte 0
.byte 0
.byte 0


.byte 0
.byte 0
.byte 0
.byte 0
.byte 0
.byte 0
.byte 0
.byte 0


.byte 0
.byte 0
.byte 0
.byte 0
.byte 0
.byte 0
.byte 0
.byte 0


.byte 0
.byte 0
.byte 0
.byte 0
.byte 0
.byte 0
.byte 0
.byte 0


.byte 0
.byte 0
.byte 0
.byte 0
.byte 0
.byte 0
.byte 0
.byte 0


.byte 0
.byte 0
.byte 0
.byte 0
.byte 0
.byte 0
.byte 0
.byte 0


.byte 0
.byte 0
.byte 0
.byte 0
.byte 0
.byte 0
.byte 0
.byte 0


.byte 0
.byte 0
.byte 0
.byte 0
.byte 0
.byte 0
.byte 0
.byte 0


.byte 0
.byte 0
.byte 0
.byte 0
.byte 0
.byte 0
.byte 0
.byte 0


.byte 0
.byte 0
.byte 0
.byte 0
.byte 0
.byte 0
.byte 0
.byte 0


.byte 0
.byte 0
.byte 0
.byte 0
.byte 0
.byte 0
.byte 0
.byte 0


.byte 0
.byte 0
.byte 0
.byte 0
.byte 0
.byte 0
.byte 0
.byte 0


.byte 0
.byte 0
.byte 0
.byte 0
.byte 0
.byte 0
.byte 0
.byte 0


.byte 0
.byte 0
.byte 0
.byte 0
.byte 0
.byte 0
.byte 0
.byte 0


.byte 0
.byte 0
.byte 0
.byte 0
.byte 0
.byte 0
.byte 0
.byte 0


.byte 0
.byte 0
.byte 0
.byte 0
.byte 0
.byte 0
.byte 0
.byte 0


.byte 0
.byte 0
.byte 0
.byte 0
.byte 0
.byte 0
.byte 0
.byte 0


.byte 0
.byte 0
.byte 0
.byte 0
.byte 0
.byte 0
.byte 0
.byte 0


.byte 0
.byte 0
.byte 0
.byte 0
.byte 0
.byte 0
.byte 0
.byte 0


.byte 0
.byte 0
.byte 0
.byte 0
.byte 0
.byte 0
.byte 0
.byte 0


.byte 0
.byte 0
.byte 0
.byte 0
.byte 0
.byte 0
.byte 0
.byte 0


.byte 0
.byte 0
.byte 0
.byte 0
.byte 0
.byte 0
.byte 0
.byte 0


.byte 0
.byte 0
.byte 0
.byte 0
.byte 0
.byte 0
.byte 0
.byte 0


.byte 0
.byte 0
.byte 0
.byte 0
.byte 0
.byte 0
.byte 0
.byte 0


.byte 0
.byte 0
.byte 0
.byte 0
.byte 0
.byte 0
.byte 0
.byte 0


.byte 0
.byte 0
.byte 0
.byte 0
.byte 0
.byte 0
.byte 0
.byte 0


.byte 0
.byte 0
.byte 0
.byte 0
.byte 0
.byte 0
.byte 0
.byte 0


.byte 0
.byte 0
.byte 0
.byte 0
.byte 0
.byte 0
.byte 0
.byte 0


.byte 0
.byte 0
.byte 0
.byte 0
.byte 0
.byte 0
.byte 0
.byte 0


.byte 0
.byte 0
.byte 0
.byte 0
.byte 0
.byte 0
.byte 0
.byte 0


.byte 0
.byte 0
.byte 0
.byte 0
.byte 0
.byte 0
.byte 0
.byte 0


.byte 0
.byte 0
.byte 0
.byte 0
.byte 0
.byte 0
.byte 0
.byte 0


.byte 0
.byte 0
.byte 0
.byte 0
.byte 0
.byte 0
.byte 0
.byte 0


.byte 0
.byte 0
.byte 0
.byte 0
.byte 0
.byte 0
.byte 0
.byte 0


.byte 0
.byte 0
.byte 0
.byte 0
.byte 0
.byte 0
.byte 0
.byte 0


.byte 0
.byte 0
.byte 0
.byte 0
.byte 0
.byte 0
.byte 0
.byte 0


.byte 0
.byte 0
.byte 0
.byte 0
.byte 0
.byte 0
.byte 0
.byte 0


.byte 0
.byte 0
.byte 0
.byte 0
.byte 0
.byte 0
.byte 0
.byte 0


.byte 0
.byte 0
.byte 0
.byte 0
.byte 0
.byte 0
.byte 0
.byte 0


.byte 0
.byte 0
.byte 0
.byte 0
.byte 0
.byte 0
.byte 0
.byte 0


.byte 0
.byte 0
.byte 0
.byte 0
.byte 0
.byte 0
.byte 0
.byte 0


.byte 0
.byte 0
.byte 0
.byte 0
.byte 0
.byte 0
.byte 0
.byte 0


.byte 0
.byte 0
.byte 0
.byte 0
.byte 0
.byte 0
.byte 0
.byte 0


.byte 0
.byte 0
.byte 0
.byte 0
.byte 0
.byte 0
.byte 0
.byte 0


.byte 0
.byte 0
.byte 0
.byte 0
.byte 0
.byte 0
.byte 0
.byte 0


.byte 0
.byte 0
.byte 0
.byte 0
.byte 0
.byte 0
.byte 0
.byte 0


.byte 0
.byte 0
.byte 0
.byte 0
.byte 0
.byte 0
.byte 0
.byte 0


.byte 0
.byte 0
.byte 0
.byte 0
.byte 0
.byte 0
.byte 0
.byte 0


.byte 0
.byte 0
.byte 0
.byte 0
.byte 0
.byte 0
.byte 0
.byte 0


.byte 0
.byte 0
.byte 0
.byte 0
.byte 0
.byte 0
.byte 0
.byte 0


.byte 0
.byte 0
.byte 0
.byte 0
.byte 0
.byte 0
.byte 0
.byte 0


.byte 0
.byte 0
.byte 0
.byte 0
.byte 0
.byte 0
.byte 0
.byte 0


.byte 0
.byte 0
.byte 0
.byte 0
.byte 0
.byte 0
.byte 0
.byte 0


.byte 0
.byte 0
.byte 0
.byte 0
.byte 0
.byte 0
.byte 0
.byte 0


.byte 0
.byte 0
.byte 0
.byte 0
.byte 0
.byte 0
.byte 0
.byte 0


.byte 0
.byte 0
.byte 0
.byte 0
.byte 0
.byte 0
.byte 0
.byte 0


.byte 0
.byte 0
.byte 0
.byte 0
.byte 0
.byte 0
.byte 0
.byte 0


.byte 0
.byte 0
.byte 0
.byte 0
.byte 0
.byte 0
.byte 0
.byte 0


.byte 0
.byte 0
.byte 0
.byte 0
.byte 0
.byte 0
.byte 0
.byte 0


.byte 0
.byte 0
.byte 0
.byte 0
.byte 0
.byte 0
.byte 0
.byte 0


.byte 0
.byte 0
.byte 0
.byte 0
.byte 0
.byte 0
.byte 0
.byte 0


.byte 0
.byte 0
.byte 0
.byte 0
.byte 0
.byte 0
.byte 0
.byte 0


.byte 0
.byte 0
.byte 0
.byte 0
.byte 0
.byte 0
.byte 0
.byte 0


.byte 0
.byte 0
.byte 0
.byte 0
.byte 0
.byte 0
.byte 0
.byte 0


.byte 0
.byte 0
.byte 0
.byte 0
.byte 0
.byte 0
.byte 0
.byte 0


.byte 0
.byte 0
.byte 0
.byte 0
.byte 0
.byte 0
.byte 0
.byte 0


.byte 0
.byte 0
.byte 0
.byte 0
.byte 0
.byte 0
.byte 0
.byte 0


.byte 0
.byte 0
.byte 0
.byte 0
.byte 0
.byte 0
.byte 0
.byte 0


.byte 0
.byte 0
.byte 0
.byte 0
.byte 0
.byte 0
.byte 0
.byte 0


.byte 0
.byte 0
.byte 0
.byte 0
.byte 0
.byte 0
.byte 0
.byte 0


.byte 0
.byte 0
.byte 0
.byte 0
.byte 0
.byte 0
.byte 0
.byte 0


.byte 0
.byte 0
.byte 0
.byte 0
.byte 0
.byte 0
.byte 0
.byte 0


.byte 0
.byte 0
.byte 0
.byte 0
.byte 0
.byte 0
.byte 0
.byte 0


.byte 0
.byte 0
.byte 0
.byte 0
.byte 0
.byte 0
.byte 0
.byte 0


.byte 0
.byte 0
.byte 0
.byte 0
.byte 0
.byte 0
.byte 0
.byte 0


.byte 0
.byte 0
.byte 0
.byte 0
.byte 0
.byte 0
.byte 0
.byte 0


.byte 0
.byte 0
.byte 0
.byte 0
.byte 0
.byte 0
.byte 0
.byte 0


.byte 0
.byte 0
.byte 0
.byte 0
.byte 0
.byte 0
.byte 0
.byte 0


.byte 0
.byte 0
.byte 0
.byte 0
.byte 0
.byte 0
.byte 0
.byte 0


.byte 0
.byte 0
.byte 0
.byte 0
.byte 0
.byte 0
.byte 0
.byte 0


.byte 0
.byte 0
.byte 0
.byte 0
.byte 0
.byte 0
.byte 0
.byte 0


.byte 0
.byte 0
.byte 0
.byte 0
.byte 0
.byte 0
.byte 0
.byte 0


.byte 0
.byte 0
.byte 0
.byte 0
.byte 0
.byte 0
.byte 0
.byte 0


.byte 0
.byte 0
.byte 0
.byte 0
.byte 0
.byte 0
.byte 0
.byte 0


.byte 0
.byte 0
.byte 0
.byte 0
.byte 0
.byte 0
.byte 0
.byte 0


.byte 0
.byte 0
.byte 0
.byte 0
.byte 0
.byte 0
.byte 0
.byte 0


.byte 0
.byte 0
.byte 0
.byte 0
.byte 0
.byte 0
.byte 0
.byte 0


.byte 0
.byte 0
.byte 0
.byte 0
.byte 0
.byte 0
.byte 0
.byte 0


.byte 0
.byte 0
.byte 0
.byte 0
.byte 0
.byte 0
.byte 0
.byte 0


.byte 0
.byte 0
.byte 0
.byte 0
.byte 0
.byte 0
.byte 0
.byte 0


.byte 0
.byte 0
.byte 0
.byte 0
.byte 0
.byte 0
.byte 0
.byte 0


.byte 0
.byte 0
.byte 0
.byte 0
.byte 0
.byte 0
.byte 0
.byte 0


.byte 0
.byte 0
.byte 0
.byte 0
.byte 0
.byte 0
.byte 0
.byte 0


.byte 0
.byte 0
.byte 0
.byte 0
.byte 0
.byte 0
.byte 0
.byte 0


.byte 0
.byte 0
.byte 0
.byte 0
.byte 0
.byte 0
.byte 0
.byte 0


.byte 0
.byte 0
.byte 0
.byte 0
.byte 0
.byte 0
.byte 0
.byte 0


.byte 0
.byte 0
.byte 0
.byte 0
.byte 0
.byte 0
.byte 0
.byte 0


.byte 0
.byte 0
.byte 0
.byte 0
.byte 0
.byte 0
.byte 0
.byte 0


.byte 0
.byte 0
.byte 0
.byte 0
.byte 0
.byte 0
.byte 0
.byte 0


.byte 0
.byte 0
.byte 0
.byte 0
.byte 0
.byte 0
.byte 0
.byte 0


.byte 0
.byte 0
.byte 0
.byte 0
.byte 0
.byte 0
.byte 0
.byte 0


.byte 0
.byte 0
.byte 0
.byte 0
.byte 0
.byte 0
.byte 0
.byte 0


.byte 0
.byte 0
.byte 0
.byte 0
.byte 0
.byte 0
.byte 0
.byte 0


.byte 0
.byte 0
.byte 0
.byte 0
.byte 0
.byte 0
.byte 0
.byte 0


.byte 0
.byte 0
.byte 0
.byte 0
.byte 0
.byte 0
.byte 0
.byte 0


.byte 0
.byte 0
.byte 0
.byte 0
.byte 0
.byte 0
.byte 0
.byte 0


.byte 0
.byte 0
.byte 0
.byte 0
.byte 0
.byte 0
.byte 0
.byte 0


.byte 0
.byte 0
.byte 0
.byte 0
.byte 0
.byte 0
.byte 0
.byte 0


.byte 0
.byte 0
.byte 0
.byte 0
.byte 0
.byte 0
.byte 0
.byte 0


.byte 0
.byte 0
.byte 0
.byte 0
.byte 0
.byte 0
.byte 0
.byte 0


.byte 0
.byte 0
.byte 0
.byte 0
.byte 0
.byte 0
.byte 0
.byte 0


.byte 0
.byte 0
.byte 0
.byte 0
.byte 0
.byte 0
.byte 0
.byte 0


.byte 0
.byte 0
.byte 0
.byte 0
.byte 0
.byte 0
.byte 0
.byte 0


.byte 0
.byte 0
.byte 0
.byte 0
.byte 0
.byte 0
.byte 0
.byte 0


.byte 0
.byte 0
.byte 0
.byte 0
.byte 0
.byte 0
.byte 0
.byte 0


.byte 0
.byte 0
.byte 0
.byte 0
.byte 0
.byte 0
.byte 0
.byte 0


.byte 0
.byte 0
.byte 0
.byte 0
.byte 0
.byte 0
.byte 0
.byte 0


.byte 0
.byte 0
.byte 0
.byte 0
.byte 0
.byte 0
.byte 0
.byte 0


.byte 0
.byte 0
.byte 0
.byte 0
.byte 0
.byte 0
.byte 0
.byte 0


.byte 0
.byte 0
.byte 0
.byte 0
.byte 0
.byte 0
.byte 0
.byte 0


.byte 0
.byte 0
.byte 0
.byte 0
.byte 0
.byte 0
.byte 0
.byte 0


.byte 0
.byte 0
.byte 0
.byte 0
.byte 0
.byte 0
.byte 0
.byte 0


.byte 0
.byte 0
.byte 0
.byte 0
.byte 0
.byte 0
.byte 0
.byte 0


.byte 0
.byte 0
.byte 0
.byte 0
.byte 0
.byte 0
.byte 0
.byte 0


.byte 0
.byte 0
.byte 0
.byte 0
.byte 0
.byte 0
.byte 0
.byte 0


.byte 0
.byte 0
.byte 0
.byte 0
.byte 0
.byte 0
.byte 0
.byte 0


.byte 0
.byte 0
.byte 0
.byte 0
.byte 0
.byte 0
.byte 0
.byte 0


.byte 0
.byte 0
.byte 0
.byte 0
.byte 0
.byte 0
.byte 0
.byte 0


.byte 0
.byte 0
.byte 0
.byte 0
.byte 0
.byte 0
.byte 0
.byte 0


.byte 0
.byte 0
.byte 0
.byte 0
.byte 0
.byte 0
.byte 0
.byte 0


.byte 0
.byte 0
.byte 0
.byte 0
.byte 0
.byte 0
.byte 0
.byte 0


