- Main diagnostics:
- SyntaxTrees Count: 2
- Output diagnostics:
NesAsm.Analyzers\NesAsm.Analyzers.TestGenerator\test.g.cs(1,1): hidden CS8019: Unnecessary using directive.
- RunResult.GeneratedTrees Count: 1
- RunResults diagnostics:
- RunResult[0].Generator: NesAsm.Analyzers.TestGenerator
- RunResult[0] diagnostics:
- RunResult[0].GeneratedSources Count: 1
- RunResult[0].Exception: 
- RunResult[0].GeneratedSources[0].HintName: test.g.cs
- RunResult[0].GeneratedSources[0].SourceText:
using System;
