000000 000000 000000 000000 000000 000000 000000 000000 9A0000 000000 000000 000000 000000 FFFFFF 000000 000000 000000 
000000 000000 000000 000000 000000 000000 000000 000000 9A0000 000000 000000 000000 000000 FFFFFF FFFFFF 000000 000000 
000000 000000 000000 000000 000000 000000 000000 000000 9A0000 000000 000000 000000 000000 FFFFFF FFFFFF FFFFFF 000000 
000000 000000 000000 000000 000000 000000 000000 000000 9A0000 FFFFFF FFFFFF FFFFFF FFFFFF FFFFFF FFFFFF FFFFFF FFFFFF 
000000 000000 000000 000000 000000 000000 000000 000000 9A0000 FFFFFF FFFFFF FFFFFF FFFFFF FFFFFF FFFFFF FFFFFF FFFFFF 
000000 000000 000000 000000 000000 000000 000000 000000 9A0000 000000 000000 000000 000000 FFFFFF FFFFFF FFFFFF 000000 
000000 000000 000000 000000 000000 000000 000000 000000 9A0000 000000 000000 000000 000000 FFFFFF FFFFFF 000000 000000 
000000 000000 000000 000000 000000 000000 000000 000000 9A0000 000000 000000 000000 000000 FFFFFF 000000 000000 000000 
9A0000 9A0000 9A0000 930000 9A0000 9A0000 9A0000 930000 B30000 9A0000 9A0000 9A0000 9A0000 9A0000 9A0000 9A0000 9A0000 
000000 000000 0D57FF 0D57FF 0D57FF 0D57FF 000000 000000 9A0000 000000 000000 000000 000000 000000 000000 000000 000000 
000000 0D57FF 0D57FF 0D57FF 0D57FF 0D57FF 0D57FF 000000 9A0000 000000 D21269 D21269 000000 000000 D21269 D21269 000000 
0D57FF 0D57FF 000000 0D57FF 0D57FF 000000 0D57FF 0D57FF 9A0000 000000 D21269 D21269 D21269 D21269 D21269 D21269 000000 
0D57FF 0D57FF 000000 0D57FF 0D57FF 000000 0D57FF 0D57FF 9A0000 D21269 D21269 D21269 D21269 D21269 D21269 D21269 D21269 
0D57FF 0D57FF 0D57FF 0D57FF 0D57FF 0D57FF 0D57FF 0D57FF 9A0000 D21269 D21269 D21269 D21269 D21269 D21269 D21269 D21269 
0D57FF 0D57FF 000000 000000 000000 000000 0D57FF 0D57FF 9A0000 000000 D21269 D21269 D21269 D21269 D21269 D21269 000000 
000000 0D57FF 0D57FF 0D57FF 0D57FF 0D57FF 0D57FF 000000 9A0000 000000 000000 D21269 D21269 D21269 D21269 000000 000000 
000000 000000 0D57FF 0D57FF 0D57FF 0D57FF 000000 000000 9A0000 000000 000000 000000 D21269 D21269 000000 000000 000000 
