- Main diagnostics:
..\..\..\AsmTests\TestFiles\ParametersScript.cs(26,41): error NA0001: Type long is not supported for method parameters
..\..\..\AsmTests\TestFiles\ParametersScript.cs(28,9): error NA0002: Operand l not supported for parameter (should be byte, ushort or bool)
..\..\..\AsmTests\TestFiles\ParametersScript.cs(33,9): error NA0003: OpCode STA not supported to use parameters (should only be LDAa, LDXa or LDYa)
..\..\..\AsmTests\TestFiles\ParametersScript.cs(38,30): error NA0001: Type long is not supported for method parameters
- SyntaxTrees Count: 2
- Output diagnostics:
- RunResult.GeneratedTrees Count: 1
- RunResults diagnostics:
..\..\..\AsmTests\TestFiles\ParametersScript.cs(26,41): error NA0001: Type long is not supported for method parameters
..\..\..\AsmTests\TestFiles\ParametersScript.cs(28,9): error NA0002: Operand l not supported for parameter (should be byte, ushort or bool)
..\..\..\AsmTests\TestFiles\ParametersScript.cs(33,9): error NA0003: OpCode STA not supported to use parameters (should only be LDAa, LDXa or LDYa)
..\..\..\AsmTests\TestFiles\ParametersScript.cs(38,30): error NA0001: Type long is not supported for method parameters
- RunResult[0].Generator: Microsoft.CodeAnalysis.IncrementalGeneratorWrapper
- RunResult[0] diagnostics:
..\..\..\AsmTests\TestFiles\ParametersScript.cs(26,41): error NA0001: Type long is not supported for method parameters
..\..\..\AsmTests\TestFiles\ParametersScript.cs(28,9): error NA0002: Operand l not supported for parameter (should be byte, ushort or bool)
..\..\..\AsmTests\TestFiles\ParametersScript.cs(33,9): error NA0003: OpCode STA not supported to use parameters (should only be LDAa, LDXa or LDYa)
..\..\..\AsmTests\TestFiles\ParametersScript.cs(38,30): error NA0001: Type long is not supported for method parameters
- RunResult[0].GeneratedSources Count: 1
- RunResult[0].Exception: 
- RunResult[0].GeneratedSources[0].HintName: Asm.ParametersScript.cs
- RunResult[0].GeneratedSources[0].SourceText:
/* Generator Asm code in file Asm.ParametersScript.s
; Auto generated code using the NesAsm project
.scope ParametersScript

  .proc start
    lda #25
    sta 0
    lda #232
    sta 1
    lda #3
    sta 2
    lda #1
    sta 3
    jsr procB
    lda #32
    sta 0
    lda #0
    sta 1
    lda #32
    sta 2
    lda #1
    sta 3
    jsr procB

    rts
  .endproc

  .proc procB
    lda 0
    sta $40

    ; LDXa(b);
    ; STA(0x41);

    ldy 2
    sta $42

    rts
  .endproc

  .proc invalidParamType
    jsr proc

    rts
  .endproc

  .proc invalidOpCodeUsingParameter

    rts
  .endproc

  .proc proc

    rts
  .endproc

.endscope


*/
