- Main diagnostics:
- SyntaxTrees Count: 4
- Output diagnostics:
- RunResult.GeneratedTrees Count: 2
- RunResults diagnostics:
- RunResult[0].Generator: Microsoft.CodeAnalysis.IncrementalGeneratorWrapper
- RunResult[0] diagnostics:
- RunResult[0].GeneratedSources Count: 2
- RunResult[0].Exception: 
- RunResult[0].GeneratedSources[0].HintName: Asm.CallingOtherMacroScript.cs
- RunResult[0].GeneratedSources[0].SourceText:
/* Generator Asm code in file Asm.CallingOtherMacroScript.s
; Auto generated code using the NesAsm project
.include "MacroScript.s"

.scope CallingOtherMacroScript

  .proc start
    MacroNoParam 

    MacroWithParams 4, 8, MacroScript::ADDR

    MacroWithParams 5, 9, ADDR

    rts
  .endproc

.endscope


*/
- RunResult[0].GeneratedSources[1].HintName: Asm.MacroScript.cs
- RunResult[0].GeneratedSources[1].SourceText:
/* Generator Asm code in file Asm.MacroScript.s
; Auto generated code using the NesAsm project
.scope MacroScript

  ADDR = $2000
  .macro MacroNoParam 
    MacroWithParams 5, 10, $4000
  .endmacro

  .macro MacroWithParams a, b, c
    MacroOneParam (c + b * $20 + a)
  .endmacro

  .macro MacroOneParam a
    bit $2002
    lda #.HIBYTE(a)
    sta $2006
    lda #.LOBYTE(a)
    sta $2006
  .endmacro

.endscope


*/
