- Main diagnostics:
..\..\..\AsmTests\TestFiles\DataScript.cs(38,5): error NA0007: Only one of RomDataAttribute or CharDataAttribute can be used at the same time
..\..\..\AsmTests\TestFiles\DataScript.cs(42,5): error NA0006: Missing RomDataAttribute or CharDataAttribute on byte[] field
- SyntaxTrees Count: 2
- Output diagnostics:
..\..\..\AsmTests\TestFiles\DataScript.cs(13,29): warning CS0414: The field 'DataScript.JOYPAD2' is assigned but its value is never used
- RunResult.GeneratedTrees Count: 1
- RunResults diagnostics:
..\..\..\AsmTests\TestFiles\DataScript.cs(38,5): error NA0007: Only one of RomDataAttribute or CharDataAttribute can be used at the same time
..\..\..\AsmTests\TestFiles\DataScript.cs(42,5): error NA0006: Missing RomDataAttribute or CharDataAttribute on byte[] field
- RunResult[0].Generator: Microsoft.CodeAnalysis.IncrementalGeneratorWrapper
- RunResult[0] diagnostics:
..\..\..\AsmTests\TestFiles\DataScript.cs(38,5): error NA0007: Only one of RomDataAttribute or CharDataAttribute can be used at the same time
..\..\..\AsmTests\TestFiles\DataScript.cs(42,5): error NA0006: Missing RomDataAttribute or CharDataAttribute on byte[] field
- RunResult[0].GeneratedSources Count: 1
- RunResult[0].Exception: 
- RunResult[0].GeneratedSources[0].HintName: Asm.DataScript.cs
- RunResult[0].GeneratedSources[0].SourceText:
/* Generator Asm code in file Asm.DataScript.s
; Auto generated code using the NesAsm project
.scope DataScript

  JOYPAD1 = $4016
  JOYPAD2 = $4017
  .proc main
    lda #1
    sta JOYPAD1
    lda #0
    sta JOYPAD1

    rts
  .endproc

.segment "CODE"

palettes:
  .byte 15
  .byte 32
  .byte 33
  .byte 34
  .byte 15
  .byte 0
  .byte 0
  .byte 0

  .byte 15
  .byte 0
  .byte 0
  .byte 0
  .byte 15
  .byte 0
  .byte 0
  .byte 0

  .byte 15
  .byte 32
  .byte 39
  .byte 49
  .byte 15
  .byte 0
  .byte 0
  .byte 0

  .byte 15
  .byte 0
  .byte 0
  .byte 0
  .byte 15
  .byte 0
  .byte 0
  .byte 0


.endscope


*/
