- Main diagnostics:
- SyntaxTrees Count: 2
- Output diagnostics:
- RunResult.GeneratedTrees Count: 1
- RunResults diagnostics:
- RunResult[0].Generator: Microsoft.CodeAnalysis.IncrementalGeneratorWrapper
- RunResult[0] diagnostics:
- RunResult[0].GeneratedSources Count: 1
- RunResult[0].Exception: 
- RunResult[0].GeneratedSources[0].HintName: Asm.JumpSubroutineScript.cs
- RunResult[0].GeneratedSources[0].SourceText:
/* Generator Asm code in file Asm.JumpSubroutineScript.s
; Auto generated code using the NesAsm project
.scope JumpSubroutineScript

  .proc procA
    jsr procB
    jmp procC

    rts
  .endproc

  .proc procB
    lda #1

    jmp procC

    rts
  .endproc

  .proc procC
    lda #2

    jmp jumpInsideProc

    rts
  .endproc

  .proc jumpInsideProc
  @loop:

    lda #2

    jmp @loop

    rts
  .endproc

.endscope


*/
