- Main diagnostics:
..\..\..\AsmTests\TestFiles\SimpleScript.cs(26,14): error NA0005: Invalid format 0b_101010101010 for type byte with binary format
..\..\..\AsmTests\TestFiles\SimpleScript.cs(32,23): error NA0001: Type long is not supported for method parameters
- SyntaxTrees Count: 2
- Output diagnostics:
- RunResult.GeneratedTrees Count: 1
- RunResults diagnostics:
..\..\..\AsmTests\TestFiles\SimpleScript.cs(26,14): error NA0005: Invalid format 0b_101010101010 for type byte with binary format
..\..\..\AsmTests\TestFiles\SimpleScript.cs(32,23): error NA0001: Type long is not supported for method parameters
- RunResult[0].Generator: Microsoft.CodeAnalysis.IncrementalGeneratorWrapper
- RunResult[0] diagnostics:
..\..\..\AsmTests\TestFiles\SimpleScript.cs(26,14): error NA0005: Invalid format 0b_101010101010 for type byte with binary format
..\..\..\AsmTests\TestFiles\SimpleScript.cs(32,23): error NA0001: Type long is not supported for method parameters
- RunResult[0].GeneratedSources Count: 1
- RunResult[0].Exception: 
- RunResult[0].GeneratedSources[0].HintName: Asm.SimpleScript.cs
- RunResult[0].GeneratedSources[0].SourceText:
/* Generator Asm code in file Asm.SimpleScript.s
; Auto generated code using the NesAsm project
.scope SimpleScript

  .proc main
    ; Start by loading the value 25 into the X register
    ldx #25

    ; Increment the value of the X registrer
    inx

    rts
  .endproc

  .proc invalidParsing
    jsr lDAa

    lda #22
    sta 0
    jsr lDAa

    rts
  .endproc

  .proc lDAa

    rts
  .endproc

.endscope

.include "wrapper.s"

*/
