- Main diagnostics:
- SyntaxTrees Count: 2
- Output diagnostics:
- RunResult.GeneratedTrees Count: 1
- RunResults diagnostics:
- RunResult[0].Generator: Microsoft.CodeAnalysis.IncrementalGeneratorWrapper
- RunResult[0] diagnostics:
- RunResult[0].GeneratedSources Count: 1
- RunResult[0].Exception: 
- RunResult[0].GeneratedSources[0].HintName: Asm.SubroutineResultScript.cs
- RunResult[0].GeneratedSources[0].SourceText:
/* Generator Asm code in file Asm.SubroutineResultScript.s
; Auto generated code using the NesAsm project
.scope SubroutineResultScript

  .proc start
    ; Argument of the method could not be used after calling a subroutine with return values
    jsr procB

    lda 0
    sta $40

    rts
  .endproc

  .proc procB
    lda #178
    sta 0

    rts
  .endproc

.endscope


*/
