- Main diagnostics:
- SyntaxTrees Count: 2
- Output diagnostics:
- RunResult.GeneratedTrees Count: 1
- RunResults diagnostics:
- RunResult[0].Generator: Microsoft.CodeAnalysis.IncrementalGeneratorWrapper
- RunResult[0] diagnostics:
- RunResult[0].GeneratedSources Count: 1
- RunResult[0].Exception: 
- RunResult[0].GeneratedSources[0].HintName: Asm.MacroScript.cs
- RunResult[0].GeneratedSources[0].SourceText:
/* Generator Asm code in file Asm.MacroScript.s
; Auto generated code using the NesAsm project
.scope MacroScript

  .macro MacroNoParam 
    macroWithParams 5, 10, $4000
  .endmacro

  .macro MacroWithParams a, b, c
    macroOneParam (c + b * $20 + a)
  .endmacro

  .macro MacroOneParam a
    bit $2002
    lda #.HIBYTE(a)
    sta $2006
    lda #.LOBYTE(a)
    sta $2006
  .endmacro

.endscope


*/
