- Main diagnostics:
- SyntaxTrees Count: 2
- Output diagnostics:
- RunResult.GeneratedTrees Count: 1
- RunResults diagnostics:
- RunResult[0].Generator: Microsoft.CodeAnalysis.IncrementalGeneratorWrapper
- RunResult[0] diagnostics:
- RunResult[0].GeneratedSources Count: 1
- RunResult[0].Exception: 
- RunResult[0].GeneratedSources[0].HintName: Asm.StartupScript.cs
- RunResult[0].GeneratedSources[0].SourceText:
/* Generator Asm code in file Asm.StartupScript.s
; Auto generated code using the NesAsm project
.segment "HEADER"
  .byte $4E, $45, $53, $1A  ; iNES header identifier
  .byte 2                   ; 2x 16KB PRG-ROM Banks
  .byte 1                   ; 1x  8KB CHR-ROM
  .byte $02                 ; mapper 0 - $01
  .byte $00                 ; $00 - vertical mirroring

.segment "VECTORS"
  .addr nmi
  .addr reset
  .addr 0

.segment "STARTUP"

.segment "CODE"

.proc start
  lda 25

  rts
.endproc


*/
