- Main diagnostics:
- SyntaxTrees Count: 2
- Output diagnostics:
- RunResult.GeneratedTrees Count: 1
- RunResults diagnostics:
- RunResult[0].Generator: Microsoft.CodeAnalysis.IncrementalGeneratorWrapper
- RunResult[0] diagnostics:
- RunResult[0].GeneratedSources Count: 1
- RunResult[0].Exception: 
- RunResult[0].GeneratedSources[0].HintName: Asm.CharScript.cs
- RunResult[0].GeneratedSources[0].SourceText:
/* Generator Asm code in file Asm.CharScript.s
; Auto generated code using the NesAsm project
.scope CharScript

  .proc start

    rts
  .endproc

.segment "CHARS"

  .byte 65
  .byte 194
  .byte 68
  .byte 72
  .byte 16
  .byte 32
  .byte 64
  .byte 128

  .byte 1
  .byte 2
  .byte 4
  .byte 8
  .byte 22
  .byte 33
  .byte 66
  .byte 135


.endscope


*/
